npm: 4/1208 packages; 45 source files emitted
npm: 8/1208 packages; 69 source files emitted
npm: 12/1208 packages; 141 source files emitted
npm: 16/1208 packages; 175 source files emitted
npm: 20/1208 packages; 205 source files emitted
npm: 24/1208 packages; 217 source files emitted
npm: 28/1208 packages; 228 source files emitted
npm: 32/1208 packages; 285 source files emitted
npm: 36/1208 packages; 341 source files emitted
npm: 40/1208 packages; 384 source files emitted
npm: 44/1208 packages; 406 source files emitted
npm: 48/1208 packages; 447 source files emitted
npm: 52/1208 packages; 491 source files emitted
npm: 56/1208 packages; 519 source files emitted
npm: 60/1208 packages; 763 source files emitted
npm: 64/1208 packages; 782 source files emitted
npm: 68/1208 packages; 833 source files emitted
npm: 72/1208 packages; 856 source files emitted
npm: 76/1208 packages; 869 source files emitted
npm: 80/1208 packages; 908 source files emitted
npm: 84/1208 packages; 936 source files emitted
npm: 88/1208 packages; 953 source files emitted
npm: 92/1208 packages; 977 source files emitted
npm: 96/1208 packages; 996 source files emitted
npm: 100/1208 packages; 1047 source files emitted
npm: 104/1208 packages; 1093 source files emitted
npm: 108/1208 packages; 1125 source files emitted
npm: 112/1208 packages; 1160 source files emitted
npm: 116/1208 packages; 1178 source files emitted
npm: 120/1208 packages; 1197 source files emitted
npm: 124/1208 packages; 1246 source files emitted
npm: 128/1208 packages; 1254 source files emitted
npm: 132/1208 packages; 1269 source files emitted
npm: 136/1208 packages; 1288 source files emitted
npm: 140/1208 packages; 1314 source files emitted
npm: 144/1208 packages; 1332 source files emitted
npm: 148/1208 packages; 1361 source files emitted
npm: 152/1208 packages; 1382 source files emitted
npm: 156/1208 packages; 1430 source files emitted
npm: 160/1208 packages; 1464 source files emitted
npm: 164/1208 packages; 1482 source files emitted
npm: 168/1208 packages; 1502 source files emitted
npm: 172/1208 packages; 1516 source files emitted
npm: 176/1208 packages; 1525 source files emitted
npm: 180/1208 packages; 1546 source files emitted
npm: 184/1208 packages; 1604 source files emitted
npm: 188/1208 packages; 1655 source files emitted
npm: 192/1208 packages; 1669 source files emitted
npm: 196/1208 packages; 1694 source files emitted
npm: 200/1208 packages; 1725 source files emitted
npm: 204/1208 packages; 1743 source files emitted
npm: 208/1208 packages; 1783 source files emitted
npm: 212/1208 packages; 1845 source files emitted
npm: 216/1208 packages; 1861 source files emitted
npm: 220/1208 packages; 1879 source files emitted
npm: 224/1208 packages; 1931 source files emitted
npm: 228/1208 packages; 1944 source files emitted
npm: 232/1208 packages; 1958 source files emitted
npm: 236/1208 packages; 2009 source files emitted
npm: 240/1208 packages; 2019 source files emitted
npm: 244/1208 packages; 2035 source files emitted
npm: 248/1208 packages; 2078 source files emitted
npm: 252/1208 packages; 2107 source files emitted
npm: 256/1208 packages; 2158 source files emitted
npm: 260/1208 packages; 2219 source files emitted
npm: 264/1208 packages; 2309 source files emitted
npm: 268/1208 packages; 2339 source files emitted
npm: 272/1208 packages; 2372 source files emitted
npm: 276/1208 packages; 2475 source files emitted
npm: 280/1208 packages; 2485 source files emitted
npm: 284/1208 packages; 2505 source files emitted
npm: 288/1208 packages; 2557 source files emitted
npm: 292/1208 packages; 2637 source files emitted
npm: 296/1208 packages; 2680 source files emitted
npm: 300/1208 packages; 2745 source files emitted
npm: 304/1208 packages; 2814 source files emitted
npm: 308/1208 packages; 2855 source files emitted
npm: 312/1208 packages; 2908 source files emitted
npm: 316/1208 packages; 2934 source files emitted
npm: 320/1208 packages; 2984 source files emitted
npm: 324/1208 packages; 3083 source files emitted
npm: 328/1208 packages; 3153 source files emitted
npm: 332/1208 packages; 3295 source files emitted
npm: 336/1208 packages; 3356 source files emitted
npm: 340/1208 packages; 3475 source files emitted
npm: 344/1208 packages; 3516 source files emitted
npm: 348/1208 packages; 3536 source files emitted
npm: 352/1208 packages; 3604 source files emitted
npm: 356/1208 packages; 3612 source files emitted
npm: 360/1208 packages; 3678 source files emitted
npm: 364/1208 packages; 3749 source files emitted
npm: 368/1208 packages; 3818 source files emitted
npm: 372/1208 packages; 3844 source files emitted
npm: 376/1208 packages; 4003 source files emitted
npm: 380/1208 packages; 4020 source files emitted
npm: 384/1208 packages; 4119 source files emitted
npm: 388/1208 packages; 4165 source files emitted
npm: 392/1208 packages; 4273 source files emitted
npm: 396/1208 packages; 4495 source files emitted
npm: 400/1208 packages; 4525 source files emitted
npm: 404/1208 packages; 4546 source files emitted
npm: 408/1208 packages; 4586 source files emitted
npm: 412/1208 packages; 4710 source files emitted
npm: 416/1208 packages; 4813 source files emitted
npm: 420/1208 packages; 4844 source files emitted
npm: 424/1208 packages; 4988 source files emitted
npm: 428/1208 packages; 5113 source files emitted
npm: 432/1208 packages; 5179 source files emitted
npm: 436/1208 packages; 5261 source files emitted
npm: 440/1208 packages; 5340 source files emitted
npm: 444/1208 packages; 5419 source files emitted
npm: 448/1208 packages; 5561 source files emitted
npm: 452/1208 packages; 5626 source files emitted
npm: 456/1208 packages; 5687 source files emitted
npm: 460/1208 packages; 5874 source files emitted
npm: 464/1208 packages; 5942 source files emitted
npm: 468/1208 packages; 5973 source files emitted
npm: 472/1208 packages; 6033 source files emitted
npm: 476/1208 packages; 6142 source files emitted
npm: 480/1208 packages; 6287 source files emitted
npm: 484/1208 packages; 6358 source files emitted
npm: 488/1208 packages; 6394 source files emitted
npm: 492/1208 packages; 6479 source files emitted
npm: 496/1208 packages; 6531 source files emitted
npm: 500/1208 packages; 6582 source files emitted
npm: 504/1208 packages; 6645 source files emitted
npm: 508/1208 packages; 7043 source files emitted
npm: 512/1208 packages; 7123 source files emitted
npm: 516/1208 packages; 7227 source files emitted
npm: 520/1208 packages; 7313 source files emitted
npm: 524/1208 packages; 7455 source files emitted
npm: 528/1208 packages; 7523 source files emitted
npm: 532/1208 packages; 7679 source files emitted
npm: 536/1208 packages; 7774 source files emitted
npm: 540/1208 packages; 7927 source files emitted
npm: 544/1208 packages; 7953 source files emitted
Exception in thread s2-feature-worker-reader:
Traceback (most recent call last):
  File "C:\Users\Veeresh\AppData\Local\Programs\Python\Python310\lib\threading.py", line 1009, in _bootstrap_inner
    self.run()
  File "C:\Users\Veeresh\AppData\Local\Programs\Python\Python310\lib\threading.py", line 946, in run
    self._target(*self._args, **self._kwargs)
  File "C:\Users\Veeresh\Desktop\packshield\packshield\tools\prepare_s2_graphcodebert_features.py", line 53, in read_messages
    for line in process.stdout:
  File "C:\Users\Veeresh\AppData\Local\Programs\Python\Python310\lib\codecs.py", line 322, in decode
    (result, consumed) = self._buffer_decode(data, self.errors, final)
UnicodeDecodeError: 'utf-8' codec can't decode byte 0xe3 in position 2586: invalid continuation byte
npm: 548/1208 packages; 8146 source files emitted
npm: 552/1208 packages; 8295 source files emitted
npm: 556/1208 packages; 8379 source files emitted
npm: 560/1208 packages; 8432 source files emitted
npm: 564/1208 packages; 8612 source files emitted
npm: 568/1208 packages; 8779 source files emitted
npm: 572/1208 packages; 8857 source files emitted
npm: 576/1208 packages; 8917 source files emitted
npm: 580/1208 packages; 8927 source files emitted
npm: 584/1208 packages; 9028 source files emitted
npm: 588/1208 packages; 9179 source files emitted
npm: 592/1208 packages; 9581 source files emitted
npm: 596/1208 packages; 9838 source files emitted
npm: 600/1208 packages; 9891 source files emitted
npm: 604/1208 packages; 10108 source files emitted
npm: 608/1208 packages; 10437 source files emitted
npm: 612/1208 packages; 10593 source files emitted
npm: 616/1208 packages; 10605 source files emitted
npm: 620/1208 packages; 10686 source files emitted
npm: 624/1208 packages; 10796 source files emitted
npm: 628/1208 packages; 10884 source files emitted
npm: 632/1208 packages; 11038 source files emitted
